python : Creating test 
database for alias 
'default'...
At line:1 char:1
+ python manage.py test 
api.tests *>&1 | Out-File 
-FilePath test_output ...
+ ~~~~~~~~~~~~~~~~~~~~~~~~~~
~~~~~~~~~~
    + CategoryInfo          
    : NotSpecified: (Creat  
  ing test d...as 'defaul   
 t'...:String) [], Remot    
eException
    + FullyQualifiedErrorId 
    : NativeCommandError
 

....
----------------------------
----------------------------
--------------
Ran 4 tests in 3.971s

OK
Destroying test database 
for alias 'default'...

Found 4 test(s).
System check identified no issues (0 silenced).
SLACK LOG (Env missing): Failed Build #123 on test/repo (main). Reason: OpenAI API key not configured.
